// Jest Snapshot v1, https://goo.gl/fbAQLP

exports[`Card has a valid snapshot 1`] = `
<div
  className="sc-bdVaJa kPlaWI"
>
  Test
</div>
`;
