// Jest Snapshot v1, https://goo.gl/fbAQLP

exports[`Counter has a valid snapshot 1`] = `
<div>
  <h4
    className="sc-bdVaJa dDXGtt"
    id="label"
  >
    MOVES
  </h4>
  <div
    className="sc-bwzfXH bBXLIZ"
    id="counter"
  >
    00
  </div>
</div>
`;
