// Jest Snapshot v1, https://goo.gl/fbAQLP

exports[`<ScoreBoard /> has a valid snapshot 1`] = `
<div
  style={
    Object {
      "textAlign": "center",
    }
  }
>
  <div
    className="empty sc-bdVaJa jyRWkp"
  />
  <div
    className="empty sc-bdVaJa jyRWkp"
  />
  <div
    className="empty sc-bdVaJa jyRWkp"
  />
  <div
    className="empty sc-bdVaJa jyRWkp"
  />
  <div
    className="empty sc-bdVaJa jyRWkp"
  />
  <div
    className="empty sc-bdVaJa jyRWkp"
  />
</div>
`;
